// Jest Snapshot v1, https://goo.gl/fbAQLP

exports[`Pruebas en PrimaraApp debe de mostrar el mensaje "Hola, Soy Goku" 1`] = `
<Fragment>
  <h1>
    Hola, soy goku
  </h1>
  <p>
    soy un subtitulo
  </p>
</Fragment>
`;
